// Jest Snapshot v1, https://goo.gl/fbAQLP

exports[`Index should match snapshot 1`] = `
Array [
  "stats component",
  <hr />,
  "room component",
]
`;
